$ rm -f test-*.db* && NODE_ENV=test bun run db:test:init && bun run db:test:seed && playwright test
$ NODE_ENV=test bun run scripts/test-db-init.ts
🧪 Initializing test database...
  → Removing existing test.db
  → Creating new test.db
  → Running migrations...
Running database migrations...
Found 6 pending migration(s)
Applying migration 1: initial schema
✓ Migration 1 applied successfully
Applying migration 2: add announcement placements
✓ Migration 2 applied successfully
Applying migration 3: cleanup thumbnail
✓ Migration 3 applied successfully
Applying migration 4: remove title unique constraint
✓ Migration 4 applied successfully
Applying migration 5: update published at
✓ Migration 5 applied successfully
Applying migration 6: update slugs
✓ Migration 6 applied successfully
All migrations completed successfully
✅ Test database initialized successfully
   Database: /Users/kevin/conductor/repo/sveltesociety.dev/managua/test.db
$ NODE_ENV=test bun run scripts/test-db-seed.ts
🌱 Seeding test database...
  → Clearing existing test data...
  → Creating test users...
  → Creating OAuth entries...
  → Creating user sessions...
  → Creating tags...
  → Creating sample content...
  → Linking content to authors...
  → Linking content to tags...
  → Creating bookmarks...
  → Creating moderation queue entries...

✅ Test database seeded successfully!

📊 Summary:
   Users: 3 (admin, contributor, viewer)
   Tags: 10
   Content: 5 items
   Sessions: 3 (one per user)
   Moderation queue: 2 items

🔑 Test User Credentials:
   Admin         test_admin / admin@test.local
   Contributor   test_contributor / contributor@test.local
   Viewer        test_viewer / viewer@test.local

🎫 Session Tokens (for auth fixtures):
   Admin         test_session_admin_token
   Contributor   test_session_contributor_token
   Viewer        test_session_viewer_token
[WebServer] [0m[2m[35m$[0m [2m[1mvite build[0m
[WebServer] 
[WebServer] [2m[245.88ms][22m [@tailwindcss/vite] Generate CSS (build)
[WebServer] [2m[196.01ms][22m  [2m ↳ [22mSetup compiler
[WebServer] [2m[  0.67ms][22m  [2m ↳ [22mSetup scanner
[WebServer] [2m[ 18.49ms][22m  [2m ↳ [22mScan for candidates
[WebServer] [2m[ 17.02ms][22m  [2m ↳ [22mBuild CSS
[WebServer] [2m[  0.00ms][22m  [2m ↳ [22mBuild Source Map
[WebServer] [2m[  5.22ms][22m [@tailwindcss/vite] Optimize CSS
[WebServer] 
[WebServer] 
[WebServer] [2m[0.80ms][22m [@tailwindcss/vite] Generate CSS (build)
[WebServer] [2m[0.64ms][22m  [2m ↳ [22mSetup compiler
[WebServer] [2m[0.07ms][22m  [2m ↳ [22mSetup scanner
[WebServer] 
[WebServer] 
[WebServer] [2m[0.76ms][22m [@tailwindcss/vite] Generate CSS (build)
[WebServer] [2m[0.66ms][22m  [2m ↳ [22mSetup compiler
[WebServer] [2m[0.04ms][22m  [2m ↳ [22mSetup scanner
[WebServer] 
[WebServer] 
[WebServer] [2m[0.60ms][22m [@tailwindcss/vite] Generate CSS (build)
[WebServer] [2m[0.49ms][22m  [2m ↳ [22mSetup compiler
[WebServer] [2m[0.05ms][22m  [2m ↳ [22mSetup scanner
[WebServer] 
[WebServer] 
[WebServer] [2m[0.67ms][22m [@tailwindcss/vite] Generate CSS (build)
[WebServer] [2m[0.60ms][22m  [2m ↳ [22mSetup compiler
[WebServer] [2m[0.04ms][22m  [2m ↳ [22mSetup scanner
[WebServer] 
[WebServer] 
[WebServer] [2m[1.62ms][22m [@tailwindcss/vite] Generate CSS (build)
[WebServer] [2m[1.51ms][22m  [2m ↳ [22mSetup compiler
[WebServer] [2m[0.06ms][22m  [2m ↳ [22mSetup scanner
[WebServer] 
[WebServer] 
[WebServer] [2m[0.64ms][22m [@tailwindcss/vite] Generate CSS (build)
[WebServer] [2m[0.52ms][22m  [2m ↳ [22mSetup compiler
[WebServer] [2m[0.07ms][22m  [2m ↳ [22mSetup scanner
[WebServer] 
[WebServer] 
[WebServer] [2m[0.56ms][22m [@tailwindcss/vite] Generate CSS (build)
[WebServer] [2m[0.43ms][22m  [2m ↳ [22mSetup compiler
[WebServer] [2m[0.07ms][22m  [2m ↳ [22mSetup scanner
[WebServer] 
[WebServer] 
[WebServer] [2m[0.48ms][22m [@tailwindcss/vite] Generate CSS (build)
[WebServer] [2m[0.38ms][22m  [2m ↳ [22mSetup compiler
[WebServer] [2m[0.06ms][22m  [2m ↳ [22mSetup scanner
[WebServer] 
[WebServer] 
[WebServer] [2m[184.93ms][22m [@tailwindcss/vite] Generate CSS (build)
[WebServer] [2m[149.95ms][22m  [2m ↳ [22mSetup compiler
[WebServer] [2m[  0.09ms][22m  [2m ↳ [22mSetup scanner
[WebServer] [2m[ 12.34ms][22m  [2m ↳ [22mScan for candidates
[WebServer] [2m[  9.95ms][22m  [2m ↳ [22mBuild CSS
[WebServer] [2m[  0.00ms][22m  [2m ↳ [22mBuild Source Map
[WebServer] [2m[  4.59ms][22m [@tailwindcss/vite] Optimize CSS
[WebServer] 
[WebServer] 
[WebServer] [2m[1.43ms][22m [@tailwindcss/vite] Generate CSS (build)
[WebServer] [2m[1.22ms][22m  [2m ↳ [22mSetup compiler
[WebServer] [2m[0.08ms][22m  [2m ↳ [22mSetup scanner
[WebServer] 
[WebServer] 
[WebServer] [2m[0.62ms][22m [@tailwindcss/vite] Generate CSS (build)
[WebServer] [2m[0.49ms][22m  [2m ↳ [22mSetup compiler
[WebServer] [2m[0.07ms][22m  [2m ↳ [22mSetup scanner
[WebServer] 
[WebServer] 
[WebServer] [2m[0.55ms][22m [@tailwindcss/vite] Generate CSS (build)
[WebServer] [2m[0.45ms][22m  [2m ↳ [22mSetup compiler
[WebServer] [2m[0.05ms][22m  [2m ↳ [22mSetup scanner
[WebServer] 
[WebServer] 
[WebServer] [2m[0.63ms][22m [@tailwindcss/vite] Generate CSS (build)
[WebServer] [2m[0.51ms][22m  [2m ↳ [22mSetup compiler
[WebServer] [2m[0.07ms][22m  [2m ↳ [22mSetup scanner
[WebServer] 
[WebServer] [33m[UNRESOLVED_IMPORT] Warning:[0m Could not resolve 'bun:sqlite' in .svelte-kit/adapter-bun/chunks/hooks.server.js
[WebServer]    [38;5;246m╭[0m[38;5;246m─[0m[38;5;246m[[0m .svelte-kit/adapter-bun/chunks/hooks.server.js:3:26 [38;5;246m][0m
[WebServer]    [38;5;246m│[0m
[WebServer]  [38;5;246m3 │[0m [38;5;249mi[0m[38;5;249mm[0m[38;5;249mp[0m[38;5;249mo[0m[38;5;249mr[0m[38;5;249mt[0m[38;5;249m [0m[38;5;249m{[0m[38;5;249m [0m[38;5;249mD[0m[38;5;249ma[0m[38;5;249mt[0m[38;5;249ma[0m[38;5;249mb[0m[38;5;249ma[0m[38;5;249ms[0m[38;5;249me[0m[38;5;249m [0m[38;5;249m}[0m[38;5;249m [0m[38;5;249mf[0m[38;5;249mr[0m[38;5;249mo[0m[38;5;249mm[0m[38;5;249m [0m"bun:sqlite"[38;5;249m;[0m
[WebServer]  [38;5;240m  │[0m                          ──────┬─────  
[WebServer]  [38;5;240m  │[0m                                ╰─────── Module not found, treating it as an external dependency
[WebServer] [38;5;246m───╯[0m
[WebServer] 
[WebServer] [0m[2m[35m$[0m [2m[1mvite preview[0m
🚀 Global test setup starting...

📋 Found 19 test file(s)
🗂️  Pre-creating isolated test databases...

  ✓ Created test-seo-structured-data.db
  ✓ Created test-seo-seo-endpoints.db
  ✓ Created test-public-search.db
  ✓ Created test-public-content-interactions.db
  ✓ Created test-public-content-detail.db
  ✓ Created test-public-browse-content.db
  ✓ Created test-og-images-test-og-image-generation.db
  ✓ Created test-content-submit-video.db
  ✓ Created test-content-submit-recipe.db
  ✓ Created test-content-submit-library.db
  ✓ Created test-auth-viewer.db
  ✓ Created test-auth-simple-auth.db
  ✓ Created test-auth-protected-routes.db
  ✓ Created test-auth-login-flow.db
  ✓ Created test-auth-admin-login.db
  ✓ Created test-admin-z-content-management.db
  ✓ Created test-admin-user-management.db
  ✓ Created test-admin-moderation.db
  ✓ Created test-admin-bulk-import.db

✅ Pre-created 19 isolated test database(s)
   Each test file will use its own database copy for perfect isolation


Running 132 tests using 4 workers

  ✓    3 [chromium] › tests/e2e/admin/bulk-import.spec.ts:19:2 › Bulk Import › accepts standard GitHub repository format (402ms)
[WebServer] [0m[31mFailed to fetch repository sveltejs/kit: Unauthorized[0m
[WebServer] [0m[31mFailed to fetch repository sveltejs/kit: Unauthorized[0m
  ✓    1 [chromium] › tests/e2e/admin/bulk-import.spec.ts:30:2 › Bulk Import › API accepts monorepo package path in short format (538ms)
  ✓    4 [chromium] › tests/e2e/admin/bulk-import.spec.ts:56:2 › Bulk Import › API accepts monorepo package path in URL format (543ms)
  ✓    5 [chromium] › tests/e2e/admin/bulk-import.spec.ts:81:2 › Bulk Import › creates unique entries for different packages from same repo (187ms)
  ✓    8 [chromium] › tests/e2e/admin/bulk-import.spec.ts:202:2 › Bulk Import › requires authentication for bulk import (102ms)
  -    6 [chromium] › tests/e2e/admin/bulk-import.spec.ts:120:2 › Bulk Import › handles skipExisting for monorepo packages
[WebServer] [0m[31mFailed to fetch repository sveltejs/svelte: Unauthorized[0m
  ✓    7 [chromium] › tests/e2e/admin/bulk-import.spec.ts:169:2 › Bulk Import › can import both regular repo and monorepo packages in same request (322ms)
  ✓    9 [chromium] › tests/e2e/admin/moderation.spec.ts:12:2 › Admin - Content Moderation › pending content appears in moderation queue (204ms)
  ✓   10 [chromium] › tests/e2e/admin/moderation.spec.ts:20:2 › Admin - Content Moderation › admin can inspect pending content (348ms)
  ✓   13 [chromium] › tests/e2e/admin/moderation.spec.ts:68:2 › Admin - Content Moderation › moderation queue displays item titles from database (179ms)
  ✓   12 [chromium] › tests/e2e/admin/moderation.spec.ts:50:2 › Admin - Content Moderation › admin can reject pending content (545ms)
  ✓   14 [chromium] › tests/e2e/admin/user-management.spec.ts:12:2 › Admin - User Management › can view users list (204ms)
  ✓   11 [chromium] › tests/e2e/admin/moderation.spec.ts:32:2 › Admin - Content Moderation › admin can approve pending content (678ms)
  ✓   15 [chromium] › tests/e2e/admin/user-management.spec.ts:24:2 › Admin - User Management › user table displays role information (198ms)
  ✓   16 [chromium] › tests/e2e/admin/user-management.spec.ts:36:2 › Admin - User Management › can navigate to edit user page (361ms)
  ✓   17 [chromium] › tests/e2e/admin/user-management.spec.ts:46:2 › Admin - User Management › can access user edit form (401ms)
  ✓   19 [chromium] › tests/e2e/auth/admin-login.spec.ts:12:2 › Admin Authentication › can access admin dashboard (181ms)
  ✓   20 [chromium] › tests/e2e/auth/admin-login.spec.ts:18:2 › Admin Authentication › can access content management (183ms)
  ✓   21 [chromium] › tests/e2e/auth/admin-login.spec.ts:24:2 › Admin Authentication › can access user management (179ms)
  ✓   18 [chromium] › tests/e2e/admin/z-content-management.spec.ts:15:2 › Admin Content Management › admin can edit published content title (785ms)
  ✓   22 [chromium] › tests/e2e/auth/login-flow.spec.ts:11:2 › Login Flow › unauthenticated user sees login link (292ms)
  ✓   23 [chromium] › tests/e2e/auth/login-flow.spec.ts:20:2 › Login Flow › clicking login navigates to login page (378ms)
  ✓   25 [chromium] › tests/e2e/auth/login-flow.spec.ts:27:2 › Login Flow › login page shows GitHub OAuth button (172ms)
  ✓   26 [chromium] › tests/e2e/auth/login-flow.spec.ts:33:2 › Login Flow › can authenticate as admin (240ms)
  ✓   27 [chromium] › tests/e2e/auth/login-flow.spec.ts:44:2 › Login Flow › can authenticate as viewer (249ms)
  ✓   28 [chromium] › tests/e2e/auth/login-flow.spec.ts:55:2 › Login Flow › authenticated user sees user menu (228ms)
  ✓   29 [chromium] › tests/e2e/auth/protected-routes.spec.ts:11:2 › Protected Routes - Role-Based Access Control › unauthenticated user is redirected from /admin (221ms)
  ✓   24 [chromium] › tests/e2e/admin/z-content-management.spec.ts:42:2 › Admin Content Management › admin can edit content description (711ms)
  ✓   30 [chromium] › tests/e2e/auth/protected-routes.spec.ts:18:2 › Protected Routes - Role-Based Access Control › unauthenticated user is redirected from /admin/users (203ms)
  ✓   31 [chromium] › tests/e2e/auth/protected-routes.spec.ts:24:2 › Protected Routes - Role-Based Access Control › member role (viewer) cannot access /admin dashboard (211ms)
  ✓   33 [chromium] › tests/e2e/auth/protected-routes.spec.ts:33:2 › Protected Routes - Role-Based Access Control › member role (viewer) cannot access /admin/users (193ms)
  ✓   34 [chromium] › tests/e2e/auth/protected-routes.spec.ts:40:2 › Protected Routes - Role-Based Access Control › moderator role can access /admin dashboard (318ms)
  ✓   35 [chromium] › tests/e2e/auth/protected-routes.spec.ts:51:2 › Protected Routes - Role-Based Access Control › admin role can access /admin/users (admin-only route) (182ms)
  ✓   36 [chromium] › tests/e2e/auth/protected-routes.spec.ts:60:2 › Protected Routes - Role-Based Access Control › admin role can access /admin/content (196ms)
  ✓   37 [chromium] › tests/e2e/auth/simple-auth.spec.ts:10:2 › Simple Auth Check › unauthenticated user sees login link (221ms)
  ✓   32 [chromium] › tests/e2e/admin/z-content-management.spec.ts:62:2 › Admin Content Management › admin can archive published content (743ms)
  ✓   38 [chromium] › tests/e2e/auth/simple-auth.spec.ts:16:2 › Simple Auth Check › admin route redirects unauthenticated user (219ms)
  ✓   39 [chromium] › tests/e2e/auth/viewer.spec.ts:12:2 › Viewer Authentication › can view homepage when logged in (249ms)
  ✓   41 [chromium] › tests/e2e/auth/viewer.spec.ts:18:2 › Viewer Authentication › cannot access admin routes (247ms)
  ✓   42 [chromium] › tests/e2e/auth/viewer.spec.ts:24:2 › Viewer Authentication › can access submit page when logged in (189ms)
[WebServer] Avoid calling `fetch` eagerly during server-side rendering — put your `fetch` calls inside `onMount` or a `load` function instead
[WebServer] Avoid calling `fetch` eagerly during server-side rendering — put your `fetch` calls inside `onMount` or a `load` function instead
  ✓   44 [chromium] › tests/e2e/content/submit-library.spec.ts:26:2 › Submit Library › validates required github_repo field (373ms)
  ✓   40 [chromium] › tests/e2e/admin/z-content-management.spec.ts:82:2 › Admin Content Management › admin can unarchive content (829ms)
  ✓   43 [chromium] › tests/e2e/content/submit-library.spec.ts:12:2 › Submit Library › can submit a valid library (546ms)
  ✓   45 [chromium] › tests/e2e/content/submit-library.spec.ts:37:2 › Submit Library › validates required description field (345ms)
  ✓   47 [chromium] › tests/e2e/content/submit-library.spec.ts:49:2 › Submit Library › can submit a monorepo package with path (481ms)
  ✘    2 [chromium] › tests/e2e/admin/bulk-import.spec.ts:11:2 › Bulk Import › displays monorepo support information (5.5s)
  ✓   46 [chromium] › tests/e2e/admin/z-content-management.spec.ts:109:2 › Admin Content Management › admin can publish draft content (813ms)
  ✓   48 [chromium] › tests/e2e/content/submit-library.spec.ts:63:2 › Submit Library › can submit a monorepo package with full GitHub URL (500ms)
  ✓   49 [chromium] › tests/e2e/content/submit-recipe.spec.ts:12:2 › Submit Recipe › can submit a valid recipe (461ms)
  ✓   51 [chromium] › tests/e2e/content/submit-recipe.spec.ts:40:2 › Submit Recipe › validates required description field (353ms)
  ✓   52 [chromium] › tests/e2e/content/submit-recipe.spec.ts:54:2 › Submit Recipe › validates required body field (361ms)
  ✓   53 [chromium] › tests/e2e/content/submit-recipe.spec.ts:27:2 › Submit Recipe › validates required title field (361ms)
  ✓   50 [chromium] › tests/e2e/admin/z-content-management.spec.ts:137:2 › Admin Content Management › admin can delete content from list page (834ms)
  ✓   54 [chromium] › tests/e2e/content/submit-video.spec.ts:12:2 › Submit Video › can submit a valid video (501ms)
  ✓   55 [chromium] › tests/e2e/content/submit-video.spec.ts:26:2 › Submit Video › validates required url field (278ms)
  ✓   58 [chromium] › tests/e2e/og-images/test-og-image-generation.spec.ts:84:2 › OG Image Generation › generates library OG image with GitHub stats (131ms)
  ✓   59 [chromium] › tests/e2e/og-images/test-og-image-generation.spec.ts:141:2 › OG Image Generation › handles non-existent content with fallback image (95ms)
  ✘   57 [chromium] › tests/e2e/og-images/test-og-image-generation.spec.ts:28:2 › OG Image Generation › generates OG image with correct dimensions and content type (196ms)
  ✓   60 [chromium] › tests/e2e/og-images/test-og-image-generation.spec.ts:102:2 › OG Image Generation › generates announcement OG image with description (101ms)
  ✓   61 [chromium] › tests/e2e/og-images/test-og-image-generation.spec.ts:154:2 › OG Image Generation › generates collection OG image with child item previews (100ms)
  ✓   56 [chromium] › tests/e2e/content/submit-video.spec.ts:37:2 › Submit Video › validates required description field (343ms)
  ✓   63 [chromium] › tests/e2e/og-images/test-og-image-generation.spec.ts:176:2 › OG Image Generation › collection images differ from their child content images (96ms)
  ✓   62 [chromium] › tests/e2e/og-images/test-og-image-generation.spec.ts:120:2 › OG Image Generation › caches generated images for faster subsequent requests (99ms)
  ✓   64 [chromium] › tests/e2e/public/browse-content.spec.ts:10:2 › Public Content Browsing › can view recipes list (238ms)
  ✓   66 [chromium] › tests/e2e/public/browse-content.spec.ts:20:2 › Public Content Browsing › can view videos list (199ms)
  ✓   65 [chromium] › tests/e2e/public/browse-content.spec.ts:28:2 › Public Content Browsing › can view libraries list (222ms)
  ✓   67 [chromium] › tests/e2e/public/browse-content.spec.ts:36:2 › Public Content Browsing › can view announcements list (203ms)
  ✓   69 [chromium] › tests/e2e/public/browse-content.spec.ts:44:2 › Public Content Browsing › can view collections list (201ms)
  ✓   70 [chromium] › tests/e2e/public/browse-content.spec.ts:52:2 › Public Content Browsing › content cards display correctly (208ms)
  ✓   68 [chromium] › tests/e2e/og-images/test-og-image-generation.spec.ts:50:2 › OG Image Generation › generates recipe OG image with description (147ms)
[WebServer] Avoid calling `fetch` eagerly during server-side rendering — put your `fetch` calls inside `onMount` or a `load` function instead
  ✓   72 [chromium] › tests/e2e/public/browse-content.spec.ts:77:2 › Public Content Browsing › tags in sidebar appear on desktop (192ms)
  ✓   74 [chromium] › tests/e2e/og-images/test-og-image-generation.spec.ts:68:2 › OG Image Generation › generates video OG image with thumbnail (155ms)
  ✘   71 [chromium] › tests/e2e/public/browse-content.spec.ts:64:2 › Public Content Browsing › tags in sidebar redirect correctly from content listing pages (228ms)
  ✓   73 [chromium] › tests/e2e/public/content-detail.spec.ts:11:2 › Content Detail Pages › can view recipe detail page (203ms)
  ✓   75 [chromium] › tests/e2e/public/content-detail.spec.ts:22:2 › Content Detail Pages › can view video detail page (208ms)
  ✓   76 [chromium] › tests/e2e/public/content-detail.spec.ts:33:2 › Content Detail Pages › can view library detail page (213ms)
  ✓   77 [chromium] › tests/e2e/public/content-detail.spec.ts:55:2 › Content Detail Pages › can view collection detail page (199ms)
  ✓   79 [chromium] › tests/e2e/public/content-detail.spec.ts:93:2 › Content Detail Pages › author link navigates to user profile (177ms)
  ✓   78 [chromium] › tests/e2e/public/content-detail.spec.ts:66:2 › Content Detail Pages › displays content metadata correctly (213ms)
  ✓   80 [chromium] › tests/e2e/public/content-detail.spec.ts:102:2 › Content Detail Pages › tag links are functional (193ms)
  ✓   81 [chromium] › tests/e2e/public/content-detail.spec.ts:117:2 › Content Detail Pages › library displays NPM package link when available (222ms)
  ✓   84 [chromium] › tests/e2e/public/content-interactions.spec.ts:25:3 › Content Interactions (Like/Save) › Unauthenticated Users › like and save buttons have correct initial counts (223ms)
  ✓   83 [chromium] › tests/e2e/public/content-interactions.spec.ts:12:3 › Content Interactions (Like/Save) › Unauthenticated Users › like and save buttons are disabled when not logged in (243ms)
  ✓   82 [chromium] › tests/e2e/public/content-detail.spec.ts:44:2 › Content Detail Pages › can view announcement detail page (244ms)
  ✓   87 [chromium] › tests/e2e/public/content-interactions.spec.ts:97:3 › Content Interactions (Like/Save) › Authenticated Users - Like Functionality › like button has data-sveltekit-keepfocus attribute (199ms)
  ✘   85 [chromium] › tests/e2e/public/content-interactions.spec.ts:41:3 › Content Interactions (Like/Save) › Authenticated Users - Like Functionality › can like content (770ms)
  ✘   86 [chromium] › tests/e2e/public/content-interactions.spec.ts:69:3 › Content Interactions (Like/Save) › Authenticated Users - Like Functionality › can unlike content (756ms)
  ✓   88 [chromium] › tests/e2e/public/content-interactions.spec.ts:110:3 › Content Interactions (Like/Save) › Authenticated Users - Save Functionality › can save content (724ms)
  ✓   89 [chromium] › tests/e2e/public/content-interactions.spec.ts:138:3 › Content Interactions (Like/Save) › Authenticated Users - Save Functionality › can unsave content (1.2s)
  ✓   91 [chromium] › tests/e2e/public/content-interactions.spec.ts:166:3 › Content Interactions (Like/Save) › Authenticated Users - Save Functionality › save button has data-sveltekit-keepfocus attribute (286ms)
  ✓   93 [chromium] › tests/e2e/public/search.spec.ts:10:2 › Search Functionality › can search for content by title (252ms)
  ✓   94 [chromium] › tests/e2e/public/search.spec.ts:23:2 › Search Functionality › can search for content by description (218ms)
  ✓   96 [chromium] › tests/e2e/public/search.spec.ts:47:2 › Search Functionality › can search from content list page (205ms)
  ✓   95 [chromium] › tests/e2e/public/search.spec.ts:36:2 › Search Functionality › search returns no results for non-existent content (285ms)
  ✓   90 [chromium] › tests/e2e/public/content-interactions.spec.ts:196:3 › Content Interactions (Like/Save) › Cross-Content Type Interactions › can interact with announcement content (1.2s)
  ✓   97 [chromium] › tests/e2e/public/search.spec.ts:60:2 › Search Functionality › search preserves content type filter (199ms)
  ✓   99 [chromium] › tests/e2e/seo/seo-endpoints.spec.ts:10:3 › SEO Endpoints › robots.txt › returns 200 status code (82ms)
  ✓  100 [chromium] › tests/e2e/seo/seo-endpoints.spec.ts:15:3 › SEO Endpoints › robots.txt › has correct content-type header (83ms)
  ✓  101 [chromium] › tests/e2e/seo/seo-endpoints.spec.ts:21:3 › SEO Endpoints › robots.txt › has cache-control header (78ms)
  ✓  102 [chromium] › tests/e2e/seo/seo-endpoints.spec.ts:28:3 › SEO Endpoints › robots.txt › contains user-agent directive (78ms)
  ✓  103 [chromium] › tests/e2e/seo/seo-endpoints.spec.ts:34:3 › SEO Endpoints › robots.txt › contains allow directive (78ms)
  ✓  104 [chromium] › tests/e2e/seo/seo-endpoints.spec.ts:40:3 › SEO Endpoints › robots.txt › disallows admin routes (79ms)
  ✓  105 [chromium] › tests/e2e/seo/seo-endpoints.spec.ts:46:3 › SEO Endpoints › robots.txt › disallows api routes (79ms)
  ✓  106 [chromium] › tests/e2e/seo/seo-endpoints.spec.ts:52:3 › SEO Endpoints › robots.txt › disallows saved route (79ms)
  ✓  107 [chromium] › tests/e2e/seo/seo-endpoints.spec.ts:58:3 › SEO Endpoints › robots.txt › disallows login route (79ms)
  ✓   92 [chromium] › tests/e2e/public/content-interactions.spec.ts:179:3 › Content Interactions (Like/Save) › Cross-Content Type Interactions › can interact with library content (1.3s)
  ✓  108 [chromium] › tests/e2e/seo/seo-endpoints.spec.ts:64:3 › SEO Endpoints › robots.txt › disallows auth routes (78ms)
  ✓  109 [chromium] › tests/e2e/seo/seo-endpoints.spec.ts:70:3 › SEO Endpoints › robots.txt › includes sitemap reference (80ms)
  ✓  110 [chromium] › tests/e2e/seo/seo-endpoints.spec.ts:77:3 › SEO Endpoints › robots.txt › has valid format (88ms)
  ✓  111 [chromium] › tests/e2e/seo/seo-endpoints.spec.ts:90:3 › SEO Endpoints › sitemap.xml › returns 200 status code (79ms)
  ✓  112 [chromium] › tests/e2e/seo/seo-endpoints.spec.ts:95:3 › SEO Endpoints › sitemap.xml › has correct content-type header (78ms)
  ✓  113 [chromium] › tests/e2e/seo/seo-endpoints.spec.ts:101:3 › SEO Endpoints › sitemap.xml › has cache-control header (77ms)
  ✓  114 [chromium] › tests/e2e/seo/seo-endpoints.spec.ts:108:3 › SEO Endpoints › sitemap.xml › contains valid XML (79ms)
  ✓  115 [chromium] › tests/e2e/seo/seo-endpoints.spec.ts:116:3 › SEO Endpoints › sitemap.xml › includes homepage URL (79ms)
  ✓  116 [chromium] › tests/e2e/seo/seo-endpoints.spec.ts:123:3 › SEO Endpoints › sitemap.xml › includes category pages (77ms)
  ✓  117 [chromium] › tests/e2e/seo/seo-endpoints.spec.ts:133:3 › SEO Endpoints › sitemap.xml › includes static pages (79ms)
  ✓  118 [chromium] › tests/e2e/seo/seo-endpoints.spec.ts:141:3 › SEO Endpoints › sitemap.xml › includes lastmod dates (79ms)
  ✓  119 [chromium] › tests/e2e/seo/seo-endpoints.spec.ts:149:3 › SEO Endpoints › sitemap.xml › includes priority values (78ms)
  ✓  120 [chromium] › tests/e2e/seo/seo-endpoints.spec.ts:156:3 › SEO Endpoints › sitemap.xml › includes changefreq values (79ms)
  ✓  121 [chromium] › tests/e2e/seo/seo-endpoints.spec.ts:163:3 › SEO Endpoints › sitemap.xml › includes published content URLs (79ms)
  ✓  122 [chromium] › tests/e2e/seo/seo-endpoints.spec.ts:173:3 › SEO Endpoints › sitemap.xml › sitemap is cached on subsequent requests (79ms)
  ✓  123 [chromium] › tests/e2e/seo/seo-endpoints.spec.ts:188:3 › SEO Endpoints › SEO Endpoint Resilience › robots.txt works without database (79ms)
  ✓  124 [chromium] › tests/e2e/seo/seo-endpoints.spec.ts:194:3 › SEO Endpoints › SEO Endpoint Resilience › robots.txt returns consistent content (79ms)
  ✓  125 [chromium] › tests/e2e/seo/seo-endpoints.spec.ts:205:3 › SEO Endpoints › SEO Endpoint Resilience › robots.txt has no trailing whitespace issues (79ms)
  ✓   98 [chromium] › tests/e2e/public/search.spec.ts:73:2 › Search Functionality › can clear search and see all results (1.0s)
  ✓  126 [chromium] › tests/e2e/seo/seo-endpoints.spec.ts:215:3 › SEO Endpoints › SEO Endpoint Performance › robots.txt responds quickly (79ms)
  ✓  127 [chromium] › tests/e2e/seo/seo-endpoints.spec.ts:224:3 › SEO Endpoints › SEO Endpoint Performance › robots.txt can handle concurrent requests (79ms)
  ✓  128 [chromium] › tests/e2e/seo/structured-data.spec.ts:9:2 › Structured Data (Schema.org) › homepage has Organization and WebSite schemas (255ms)
  ✓  132 [chromium] › tests/test.spec.ts:4:1 › index page loads (209ms)
  ✓  131 [chromium] › tests/e2e/seo/structured-data.spec.ts:135:2 › Structured Data (Schema.org) › library detail page has SoftwareSourceCode and Breadcrumb schemas (756ms)
  ✓  129 [chromium] › tests/e2e/seo/structured-data.spec.ts:47:2 › Structured Data (Schema.org) › video detail page has VideoObject and Breadcrumb schemas (784ms)
  ✓  130 [chromium] › tests/e2e/seo/structured-data.spec.ts:93:2 › Structured Data (Schema.org) › recipe detail page has TechArticle and Breadcrumb schemas (800ms)

🧹 Cleaning up isolated test databases...
  ✓ Removed 53 isolated test database file(s)
✅ Teardown complete



  1) [chromium] › tests/e2e/admin/bulk-import.spec.ts:11:2 › Bulk Import › displays monorepo support information 

    Error: [2mexpect([22m[31mlocator[39m[2m).[22mtoBeVisible[2m([22m[2m)[22m failed

    Locator: getByText('Monorepo Support')
    Expected: visible
    Timeout: 5000ms
    Error: element(s) not found

    Call log:
    [2m  - Expect "toBeVisible" with timeout 5000ms[22m
    [2m  - waiting for getByText('Monorepo Support')[22m


      13 |
      14 | 		// Check for monorepo support section
    > 15 | 		await expect(page.getByText('Monorepo Support')).toBeVisible()
         | 		                                                 ^
      16 | 		await expect(page.getByText('owner/repo/packages/kit')).toBeVisible()
      17 | 	})
      18 |
        at /Users/kevin/conductor/repo/sveltesociety.dev/managua/tests/e2e/admin/bulk-import.spec.ts:15:52

    attachment #1: screenshot (image/png) ──────────────────────────────────────────────────────────
    test-results/e2e-admin-bulk-import-Bulk-ed65e-onorepo-support-information-chromium/test-failed-1.png
    ────────────────────────────────────────────────────────────────────────────────────────────────

    attachment #2: video (video/webm) ──────────────────────────────────────────────────────────────
    test-results/e2e-admin-bulk-import-Bulk-ed65e-onorepo-support-information-chromium/video.webm
    ────────────────────────────────────────────────────────────────────────────────────────────────

    Error Context: test-results/e2e-admin-bulk-import-Bulk-ed65e-onorepo-support-information-chromium/error-context.md

    attachment #4: trace (application/zip) ─────────────────────────────────────────────────────────
    test-results/e2e-admin-bulk-import-Bulk-ed65e-onorepo-support-information-chromium/trace.zip
    Usage:

        npx playwright show-trace test-results/e2e-admin-bulk-import-Bulk-ed65e-onorepo-support-information-chromium/trace.zip

    ────────────────────────────────────────────────────────────────────────────────────────────────

  2) [chromium] › tests/e2e/og-images/test-og-image-generation.spec.ts:28:2 › OG Image Generation › generates OG image with correct dimensions and content type 

    Error: [2mexpect([22m[31mreceived[39m[2m).[22mtoContain[2m([22m[32mexpected[39m[2m) // indexOf[22m

    Expected substring: [32m"max-age=31536000"[39m
    Received string:    [31m"public, max-age=604800, immutable"[39m

      37 | 		// Should have immutable cache headers
      38 | 		expect(response.headers()['cache-control']).toContain('immutable')
    > 39 | 		expect(response.headers()['cache-control']).toContain('max-age=31536000')
         | 		                                            ^
      40 |
      41 | 		// Verify it's a valid PNG by checking magic bytes
      42 | 		const buffer = await response.body()
        at /Users/kevin/conductor/repo/sveltesociety.dev/managua/tests/e2e/og-images/test-og-image-generation.spec.ts:39:47

    attachment #1: screenshot (image/png) ──────────────────────────────────────────────────────────
    test-results/e2e-og-images-test-og-imag-e027f-dimensions-and-content-type-chromium/test-failed-1.png
    ────────────────────────────────────────────────────────────────────────────────────────────────

    attachment #2: video (video/webm) ──────────────────────────────────────────────────────────────
    test-results/e2e-og-images-test-og-imag-e027f-dimensions-and-content-type-chromium/video.webm
    ────────────────────────────────────────────────────────────────────────────────────────────────

    attachment #3: trace (application/zip) ─────────────────────────────────────────────────────────
    test-results/e2e-og-images-test-og-imag-e027f-dimensions-and-content-type-chromium/trace.zip
    Usage:

        npx playwright show-trace test-results/e2e-og-images-test-og-imag-e027f-dimensions-and-content-type-chromium/trace.zip

    ────────────────────────────────────────────────────────────────────────────────────────────────

  3) [chromium] › tests/e2e/public/browse-content.spec.ts:64:2 › Public Content Browsing › tags in sidebar redirect correctly from content listing pages 

    Error: [2mexpect([22m[31mreceived[39m[2m).[22mtoMatch[2m([22m[32mexpected[39m[2m)[22m

    Expected pattern: [32m/^\/recipe\?tags=/[39m
    Received string:  [31m"/"[39m

      72 | 		const firstTagHref = await sidebarTags.first().getAttribute('href')
      73 | 		// When on content listing route, tags should preserve the current path
    > 74 | 		expect(firstTagHref).toMatch(/^\/recipe\?tags=/)
         | 		                     ^
      75 | 	})
      76 |
      77 | 	test('tags in sidebar appear on desktop', async ({ page }) => {
        at /Users/kevin/conductor/repo/sveltesociety.dev/managua/tests/e2e/public/browse-content.spec.ts:74:24

    attachment #1: screenshot (image/png) ──────────────────────────────────────────────────────────
    test-results/e2e-public-browse-content--bbebd--from-content-listing-pages-chromium/test-failed-1.png
    ────────────────────────────────────────────────────────────────────────────────────────────────

    attachment #2: video (video/webm) ──────────────────────────────────────────────────────────────
    test-results/e2e-public-browse-content--bbebd--from-content-listing-pages-chromium/video.webm
    ────────────────────────────────────────────────────────────────────────────────────────────────

    Error Context: test-results/e2e-public-browse-content--bbebd--from-content-listing-pages-chromium/error-context.md

    attachment #4: trace (application/zip) ─────────────────────────────────────────────────────────
    test-results/e2e-public-browse-content--bbebd--from-content-listing-pages-chromium/trace.zip
    Usage:

        npx playwright show-trace test-results/e2e-public-browse-content--bbebd--from-content-listing-pages-chromium/trace.zip

    ────────────────────────────────────────────────────────────────────────────────────────────────

  4) [chromium] › tests/e2e/public/content-interactions.spec.ts:41:3 › Content Interactions (Like/Save) › Authenticated Users - Like Functionality › can like content 

    Error: [2mexpect([22m[31mreceived[39m[2m).[22mtoBe[2m([22m[32mexpected[39m[2m) // Object.is equality[22m

    Expected: [32m1[39m
    Received: [31m0[39m

      59 | 			const newLikeCount = await detailPage.getLikeCount()
      60 | 			if (!initiallyLiked) {
    > 61 | 				expect(newLikeCount).toBe(initialLikeCount + 1)
         | 				                     ^
      62 | 			}
      63 |
      64 | 			// Verify button state changed
        at /Users/kevin/conductor/repo/sveltesociety.dev/managua/tests/e2e/public/content-interactions.spec.ts:61:26

    attachment #1: screenshot (image/png) ──────────────────────────────────────────────────────────
    test-results/e2e-public-content-interac-9b6c2-ctionality-can-like-content-chromium/test-failed-1.png
    ────────────────────────────────────────────────────────────────────────────────────────────────

    attachment #2: video (video/webm) ──────────────────────────────────────────────────────────────
    test-results/e2e-public-content-interac-9b6c2-ctionality-can-like-content-chromium/video.webm
    ────────────────────────────────────────────────────────────────────────────────────────────────

    Error Context: test-results/e2e-public-content-interac-9b6c2-ctionality-can-like-content-chromium/error-context.md

    attachment #4: trace (application/zip) ─────────────────────────────────────────────────────────
    test-results/e2e-public-content-interac-9b6c2-ctionality-can-like-content-chromium/trace.zip
    Usage:

        npx playwright show-trace test-results/e2e-public-content-interac-9b6c2-ctionality-can-like-content-chromium/trace.zip

    ────────────────────────────────────────────────────────────────────────────────────────────────

  5) [chromium] › tests/e2e/public/content-interactions.spec.ts:69:3 › Content Interactions (Like/Save) › Authenticated Users - Like Functionality › can unlike content 

    Error: [2mexpect([22m[31mreceived[39m[2m).[22mtoBe[2m([22m[32mexpected[39m[2m) // Object.is equality[22m

    Expected: [32mtrue[39m
    Received: [31mfalse[39m

      80 | 			const likeCountAfterLike = await detailPage.getLikeCount()
      81 | 			const likedState = await detailPage.isLiked()
    > 82 | 			expect(likedState).toBe(true)
         | 			                   ^
      83 |
      84 | 			// Now unlike it
      85 | 			await detailPage.like()
        at /Users/kevin/conductor/repo/sveltesociety.dev/managua/tests/e2e/public/content-interactions.spec.ts:82:23

    attachment #1: screenshot (image/png) ──────────────────────────────────────────────────────────
    test-results/e2e-public-content-interac-c14c7-ionality-can-unlike-content-chromium/test-failed-1.png
    ────────────────────────────────────────────────────────────────────────────────────────────────

    attachment #2: video (video/webm) ──────────────────────────────────────────────────────────────
    test-results/e2e-public-content-interac-c14c7-ionality-can-unlike-content-chromium/video.webm
    ────────────────────────────────────────────────────────────────────────────────────────────────

    Error Context: test-results/e2e-public-content-interac-c14c7-ionality-can-unlike-content-chromium/error-context.md

    attachment #4: trace (application/zip) ─────────────────────────────────────────────────────────
    test-results/e2e-public-content-interac-c14c7-ionality-can-unlike-content-chromium/trace.zip
    Usage:

        npx playwright show-trace test-results/e2e-public-content-interac-c14c7-ionality-can-unlike-content-chromium/trace.zip

    ────────────────────────────────────────────────────────────────────────────────────────────────

  5 failed
    [chromium] › tests/e2e/admin/bulk-import.spec.ts:11:2 › Bulk Import › displays monorepo support information 
    [chromium] › tests/e2e/og-images/test-og-image-generation.spec.ts:28:2 › OG Image Generation › generates OG image with correct dimensions and content type 
    [chromium] › tests/e2e/public/browse-content.spec.ts:64:2 › Public Content Browsing › tags in sidebar redirect correctly from content listing pages 
    [chromium] › tests/e2e/public/content-interactions.spec.ts:41:3 › Content Interactions (Like/Save) › Authenticated Users - Like Functionality › can like content 
    [chromium] › tests/e2e/public/content-interactions.spec.ts:69:3 › Content Interactions (Like/Save) › Authenticated Users - Like Functionality › can unlike content 
  1 skipped
  126 passed (27.6s)

  Serving HTML report at http://localhost:9323. Press Ctrl+C to quit.
error: script "test:integration" was terminated by signal SIGTERM (Polite quit request)
